(module
 (type $ref|any|_=>_none (func (param (ref any))))
 (type $none_=>_none (func))
 (global $global2 (mut i32) (i32.const 20))
 (export "test2" (func $1))
 (export "keepalive" (func $2))
 (func $1 (param $any (ref any))
  (global.set $global2
   (i32.const 22)
  )
 )
 (func $2
  (nop)
 )
)
