(module
 (type $none_=>_i32 (func (result i32)))
 (type $none_=>_none (func))
 (import "wasi_snapshot_preview1" "something_else" (func $wasi_something_else (result i32)))
 (memory $0 256 256)
 (data (i32.const 24) "aaaa")
 (export "test3" (func $2))
 (func $2
  (drop
   (call $wasi_something_else)
  )
  (i32.store
   (i32.const 24)
   (i32.const 100)
  )
 )
)
