(module
 (type $none_=>_none (func))
 (memory $0 1)
 (data (i32.const 0) "____d_____\00\00\00\00\00\00\00\00\00\00__________")
 (data (i32.const 20) "__________")
 (export "hashMemory" (func $0))
 (export "test1" (func $0_0))
 (func $0
  (i32.store8
   (i32.const 4)
   (i32.const 100)
  )
  (memory.init 1
   (i32.const 0)
   (i32.const 1)
   (i32.const 2)
  )
 )
 (func $0_0
  (memory.init 1
   (i32.const 0)
   (i32.const 1)
   (i32.const 2)
  )
 )
)
