(module
 (type $none_=>_i32 (func (result i32)))
 (export "test1" (func $0))
 (func $0 (result i32)
  (i32.const 42)
 )
)
